{
  "id": 1,
  "filename": "КПБ Василиса бязь 22.05.20.xlsx",
  "status": "FINISHED",
  "createdAt": "2021-01-31T04:07:00",
  "result": [
    {
      "category": {
        "name": "КПБ\" Василиса\"",
        "displayName": "КПБ \"Василиса\"",
        "products": null
      },
      "updates": [
        {
          "id": 0,
          "name": "1511.0",
          "images": null,
          "category": "КПБ\" Василиса\"",
          "isNew": true,
          "smallAvailable": true,
          "middleAvailable": true,
          "euroAvailable": true,
          "duoAvailable": true
        },
        {
          "id": 0,
          "name": "3369/1",
          "images": null,
          "category": "КПБ\" Василиса\"",
          "isNew": true,
          "smallAvailable": true,
          "middleAvailable": true,
          "euroAvailable": true,
          "duoAvailable": true
        },
        {
          "id": 0,
          "name": "3412.0",
          "images": null,
          "category": "КПБ\" Василиса\"",
          "isNew": true,
          "smallAvailable": true,
          "middleAvailable": true,
          "euroAvailable": false,
          "duoAvailable": true
        },
        {
          "id": 0,
          "name": "3413/1",
          "images": null,
          "category": "КПБ\" Василиса\"",
          "isNew": true,
          "smallAvailable": true,
          "middleAvailable": true,
          "euroAvailable": true,
          "duoAvailable": true
        },
        {
          "id": 0,
          "name": "3420.0",
          "images": null,
          "category": "КПБ\" Василиса\"",
          "isNew": true,
          "smallAvailable": true,
          "middleAvailable": true,
          "euroAvailable": true,
          "duoAvailable": true
        },
        {
          "id": 0,
          "name": "3420/3",
          "images": null,
          "category": "КПБ\" Василиса\"",
          "isNew": true,
          "smallAvailable": true,
          "middleAvailable": false,
          "euroAvailable": false,
          "duoAvailable": false
        },
        {
          "id": 0,
          "name": "3422.0",
          "images": null,
          "category": "КПБ\" Василиса\"",
          "isNew": true,
          "smallAvailable": true,
          "middleAvailable": true,
          "euroAvailable": true,
          "duoAvailable": true
        },
        {
          "id": 0,
          "name": "3592.0",
          "images": null,
          "category": "КПБ\" Василиса\"",
          "isNew": true,
          "smallAvailable": true,
          "middleAvailable": true,
          "euroAvailable": true,
          "duoAvailable": true
        },
        {
          "id": 0,
          "name": "3643.0",
          "images": null,
          "category": "КПБ\" Василиса\"",
          "isNew": true,
          "smallAvailable": true,
          "middleAvailable": false,
          "euroAvailable": true,
          "duoAvailable": true
        },
        {
          "id": 0,
          "name": "3698/1",
          "images": null,
          "category": "КПБ\" Василиса\"",
          "isNew": true,
          "smallAvailable": true,
          "middleAvailable": true,
          "euroAvailable": false,
          "duoAvailable": true
        },
        {
          "id": 0,
          "name": "3698/2",
          "images": null,
          "category": "КПБ\" Василиса\"",
          "isNew": true,
          "smallAvailable": true,
          "middleAvailable": true,
          "euroAvailable": true,
          "duoAvailable": true
        },
        {
          "id": 0,
          "name": "3753.0",
          "images": null,
          "category": "КПБ\" Василиса\"",
          "isNew": true,
          "smallAvailable": true,
          "middleAvailable": true,
          "euroAvailable": true,
          "duoAvailable": true
        },
        {
          "id": 0,
          "name": "3848.0",
          "images": null,
          "category": "КПБ\" Василиса\"",
          "isNew": true,
          "smallAvailable": true,
          "middleAvailable": true,
          "euroAvailable": false,
          "duoAvailable": false
        },
        {
          "id": 0,
          "name": "3866/1",
          "images": null,
          "category": "КПБ\" Василиса\"",
          "isNew": true,
          "smallAvailable": true,
          "middleAvailable": true,
          "euroAvailable": true,
          "duoAvailable": true
        },
        {
          "id": 0,
          "name": "3866/2",
          "images": null,
          "category": "КПБ\" Василиса\"",
          "isNew": true,
          "smallAvailable": true,
          "middleAvailable": true,
          "euroAvailable": false,
          "duoAvailable": true
        },
        {
          "id": 0,
          "name": "3925.0",
          "images": null,
          "category": "КПБ\" Василиса\"",
          "isNew": true,
          "smallAvailable": true,
          "middleAvailable": false,
          "euroAvailable": true,
          "duoAvailable": true
        },
        {
          "id": 0,
          "name": "3974.0",
          "images": null,
          "category": "КПБ\" Василиса\"",
          "isNew": true,
          "smallAvailable": true,
          "middleAvailable": false,
          "euroAvailable": false,
          "duoAvailable": false
        },
        {
          "id": 0,
          "name": "4038.0",
          "images": null,
          "category": "КПБ\" Василиса\"",
          "isNew": true,
          "smallAvailable": true,
          "middleAvailable": true,
          "euroAvailable": true,
          "duoAvailable": true
        },
        {
          "id": 0,
          "name": "4112/1",
          "images": null,
          "category": "КПБ\" Василиса\"",
          "isNew": true,
          "smallAvailable": true,
          "middleAvailable": false,
          "euroAvailable": false,
          "duoAvailable": true
        },
        {
          "id": 0,
          "name": "4112/2",
          "images": null,
          "category": "КПБ\" Василиса\"",
          "isNew": true,
          "smallAvailable": true,
          "middleAvailable": false,
          "euroAvailable": false,
          "duoAvailable": false
        },
        {
          "id": 0,
          "name": "4151.0",
          "images": null,
          "category": "КПБ\" Василиса\"",
          "isNew": true,
          "smallAvailable": true,
          "middleAvailable": false,
          "euroAvailable": false,
          "duoAvailable": false
        },
        {
          "id": 0,
          "name": "4172.0",
          "images": null,
          "category": "КПБ\" Василиса\"",
          "isNew": true,
          "smallAvailable": true,
          "middleAvailable": false,
          "euroAvailable": false,
          "duoAvailable": false
        },
        {
          "id": 0,
          "name": "4237.0",
          "images": null,
          "category": "КПБ\" Василиса\"",
          "isNew": true,
          "smallAvailable": true,
          "middleAvailable": true,
          "euroAvailable": true,
          "duoAvailable": true
        },
        {
          "id": 0,
          "name": "4268.0",
          "images": null,
          "category": "КПБ\" Василиса\"",
          "isNew": true,
          "smallAvailable": true,
          "middleAvailable": true,
          "euroAvailable": false,
          "duoAvailable": false
        },
        {
          "id": 0,
          "name": "4313.0",
          "images": null,
          "category": "КПБ\" Василиса\"",
          "isNew": true,
          "smallAvailable": true,
          "middleAvailable": true,
          "euroAvailable": false,
          "duoAvailable": false
        },
        {
          "id": 0,
          "name": "4323.0",
          "images": null,
          "category": "КПБ\" Василиса\"",
          "isNew": true,
          "smallAvailable": true,
          "middleAvailable": false,
          "euroAvailable": false,
          "duoAvailable": true
        },
        {
          "id": 0,
          "name": "4557/1",
          "images": null,
          "category": "КПБ\" Василиса\"",
          "isNew": true,
          "smallAvailable": true,
          "middleAvailable": true,
          "euroAvailable": true,
          "duoAvailable": false
        },
        {
          "id": 0,
          "name": "4618.0",
          "images": null,
          "category": "КПБ\" Василиса\"",
          "isNew": true,
          "smallAvailable": true,
          "middleAvailable": false,
          "euroAvailable": false,
          "duoAvailable": false
        },
        {
          "id": 0,
          "name": "4667.0",
          "images": null,
          "category": "КПБ\" Василиса\"",
          "isNew": true,
          "smallAvailable": true,
          "middleAvailable": false,
          "euroAvailable": false,
          "duoAvailable": false
        },
        {
          "id": 0,
          "name": "5345/4",
          "images": null,
          "category": "КПБ\" Василиса\"",
          "isNew": true,
          "smallAvailable": true,
          "middleAvailable": false,
          "euroAvailable": false,
          "duoAvailable": false
        },
        {
          "id": 0,
          "name": "5380/2",
          "images": null,
          "category": "КПБ\" Василиса\"",
          "isNew": true,
          "smallAvailable": true,
          "middleAvailable": true,
          "euroAvailable": false,
          "duoAvailable": true
        },
        {
          "id": 0,
          "name": "5411.0",
          "images": null,
          "category": "КПБ\" Василиса\"",
          "isNew": true,
          "smallAvailable": false,
          "middleAvailable": false,
          "euroAvailable": false,
          "duoAvailable": true
        },
        {
          "id": 0,
          "name": "5534.0",
          "images": null,
          "category": "КПБ\" Василиса\"",
          "isNew": true,
          "smallAvailable": true,
          "middleAvailable": false,
          "euroAvailable": false,
          "duoAvailable": false
        },
        {
          "id": 0,
          "name": "5454.0",
          "images": null,
          "category": "КПБ\" Василиса\"",
          "isNew": true,
          "smallAvailable": true,
          "middleAvailable": true,
          "euroAvailable": true,
          "duoAvailable": true
        },
        {
          "id": 0,
          "name": "5484.0",
          "images": null,
          "category": "КПБ\" Василиса\"",
          "isNew": true,
          "smallAvailable": true,
          "middleAvailable": true,
          "euroAvailable": true,
          "duoAvailable": true
        },
        {
          "id": 0,
          "name": "5666.0",
          "images": null,
          "category": "КПБ\" Василиса\"",
          "isNew": true,
          "smallAvailable": true,
          "middleAvailable": true,
          "euroAvailable": true,
          "duoAvailable": false
        },
        {
          "id": 0,
          "name": "5759/1",
          "images": null,
          "category": "КПБ\" Василиса\"",
          "isNew": true,
          "smallAvailable": true,
          "middleAvailable": true,
          "euroAvailable": false,
          "duoAvailable": true
        },
        {
          "id": 0,
          "name": "7184/1",
          "images": null,
          "category": "КПБ\" Василиса\"",
          "isNew": true,
          "smallAvailable": true,
          "middleAvailable": true,
          "euroAvailable": true,
          "duoAvailable": true
        },
        {
          "id": 0,
          "name": "7391/8",
          "images": null,
          "category": "КПБ\" Василиса\"",
          "isNew": true,
          "smallAvailable": true,
          "middleAvailable": false,
          "euroAvailable": true,
          "duoAvailable": true
        },
        {
          "id": 0,
          "name": "7445/1",
          "images": null,
          "category": "КПБ\" Василиса\"",
          "isNew": true,
          "smallAvailable": true,
          "middleAvailable": true,
          "euroAvailable": false,
          "duoAvailable": true
        },
        {
          "id": 0,
          "name": "7448.0",
          "images": null,
          "category": "КПБ\" Василиса\"",
          "isNew": true,
          "smallAvailable": true,
          "middleAvailable": false,
          "euroAvailable": false,
          "duoAvailable": true
        },
        {
          "id": 0,
          "name": "7463.0",
          "images": null,
          "category": "КПБ\" Василиса\"",
          "isNew": true,
          "smallAvailable": true,
          "middleAvailable": true,
          "euroAvailable": false,
          "duoAvailable": true
        },
        {
          "id": 0,
          "name": "7492.0",
          "images": null,
          "category": "КПБ\" Василиса\"",
          "isNew": true,
          "smallAvailable": true,
          "middleAvailable": true,
          "euroAvailable": true,
          "duoAvailable": false
        },
        {
          "id": 0,
          "name": "7496.0",
          "images": null,
          "category": "КПБ\" Василиса\"",
          "isNew": true,
          "smallAvailable": true,
          "middleAvailable": false,
          "euroAvailable": false,
          "duoAvailable": false
        },
        {
          "id": 0,
          "name": "7648.0",
          "images": null,
          "category": "КПБ\" Василиса\"",
          "isNew": true,
          "smallAvailable": true,
          "middleAvailable": false,
          "euroAvailable": true,
          "duoAvailable": false
        },
        {
          "id": 0,
          "name": "7650.0",
          "images": null,
          "category": "КПБ\" Василиса\"",
          "isNew": true,
          "smallAvailable": true,
          "middleAvailable": true,
          "euroAvailable": false,
          "duoAvailable": false
        },
        {
          "id": 0,
          "name": "7652.0",
          "images": null,
          "category": "КПБ\" Василиса\"",
          "isNew": true,
          "smallAvailable": false,
          "middleAvailable": true,
          "euroAvailable": true,
          "duoAvailable": true
        },
        {
          "id": 0,
          "name": "7654/1",
          "images": null,
          "category": "КПБ\" Василиса\"",
          "isNew": true,
          "smallAvailable": true,
          "middleAvailable": false,
          "euroAvailable": false,
          "duoAvailable": true
        },
        {
          "id": 0,
          "name": "7655/1",
          "images": null,
          "category": "КПБ\" Василиса\"",
          "isNew": true,
          "smallAvailable": true,
          "middleAvailable": true,
          "euroAvailable": true,
          "duoAvailable": false
        },
        {
          "id": 0,
          "name": "7655/2",
          "images": null,
          "category": "КПБ\" Василиса\"",
          "isNew": true,
          "smallAvailable": true,
          "middleAvailable": false,
          "euroAvailable": false,
          "duoAvailable": true
        },
        {
          "id": 0,
          "name": "7678.0",
          "images": null,
          "category": "КПБ\" Василиса\"",
          "isNew": true,
          "smallAvailable": false,
          "middleAvailable": false,
          "euroAvailable": true,
          "duoAvailable": false
        },
        {
          "id": 0,
          "name": "7763.0",
          "images": null,
          "category": "КПБ\" Василиса\"",
          "isNew": true,
          "smallAvailable": true,
          "middleAvailable": false,
          "euroAvailable": false,
          "duoAvailable": true
        },
        {
          "id": 0,
          "name": "7766.0",
          "images": null,
          "category": "КПБ\" Василиса\"",
          "isNew": true,
          "smallAvailable": true,
          "middleAvailable": true,
          "euroAvailable": true,
          "duoAvailable": false
        },
        {
          "id": 0,
          "name": "7823.0",
          "images": null,
          "category": "КПБ\" Василиса\"",
          "isNew": true,
          "smallAvailable": true,
          "middleAvailable": true,
          "euroAvailable": true,
          "duoAvailable": false
        },
        {
          "id": 0,
          "name": "7920/2",
          "images": null,
          "category": "КПБ\" Василиса\"",
          "isNew": true,
          "smallAvailable": false,
          "middleAvailable": true,
          "euroAvailable": false,
          "duoAvailable": false
        },
        {
          "id": 0,
          "name": "7921/2",
          "images": null,
          "category": "КПБ\" Василиса\"",
          "isNew": true,
          "smallAvailable": false,
          "middleAvailable": true,
          "euroAvailable": false,
          "duoAvailable": false
        },
        {
          "id": 0,
          "name": "7921/4",
          "images": null,
          "category": "КПБ\" Василиса\"",
          "isNew": true,
          "smallAvailable": false,
          "middleAvailable": true,
          "euroAvailable": false,
          "duoAvailable": false
        },
        {
          "id": 0,
          "name": "7922/2",
          "images": null,
          "category": "КПБ\" Василиса\"",
          "isNew": true,
          "smallAvailable": true,
          "middleAvailable": false,
          "euroAvailable": false,
          "duoAvailable": false
        },
        {
          "id": 0,
          "name": "9063.0",
          "images": null,
          "category": "КПБ\" Василиса\"",
          "isNew": true,
          "smallAvailable": true,
          "middleAvailable": true,
          "euroAvailable": true,
          "duoAvailable": true
        },
        {
          "id": 0,
          "name": "9075.0",
          "images": null,
          "category": "КПБ\" Василиса\"",
          "isNew": true,
          "smallAvailable": true,
          "middleAvailable": false,
          "euroAvailable": true,
          "duoAvailable": true
        },
        {
          "id": 0,
          "name": "9103.0",
          "images": null,
          "category": "КПБ\" Василиса\"",
          "isNew": true,
          "smallAvailable": true,
          "middleAvailable": false,
          "euroAvailable": false,
          "duoAvailable": false
        },
        {
          "id": 0,
          "name": "9164.0",
          "images": null,
          "category": "КПБ\" Василиса\"",
          "isNew": true,
          "smallAvailable": true,
          "middleAvailable": false,
          "euroAvailable": false,
          "duoAvailable": true
        },
        {
          "id": 0,
          "name": "9166.0",
          "images": null,
          "category": "КПБ\" Василиса\"",
          "isNew": true,
          "smallAvailable": true,
          "middleAvailable": false,
          "euroAvailable": false,
          "duoAvailable": true
        },
        {
          "id": 0,
          "name": "9214.0",
          "images": null,
          "category": "КПБ\" Василиса\"",
          "isNew": true,
          "smallAvailable": true,
          "middleAvailable": true,
          "euroAvailable": true,
          "duoAvailable": false
        },
        {
          "id": 0,
          "name": "9214/3",
          "images": null,
          "category": "КПБ\" Василиса\"",
          "isNew": true,
          "smallAvailable": true,
          "middleAvailable": false,
          "euroAvailable": false,
          "duoAvailable": true
        },
        {
          "id": 0,
          "name": "9216.0",
          "images": null,
          "category": "КПБ\" Василиса\"",
          "isNew": true,
          "smallAvailable": true,
          "middleAvailable": false,
          "euroAvailable": false,
          "duoAvailable": false
        },
        {
          "id": 0,
          "name": "9422.0",
          "images": null,
          "category": "КПБ\" Василиса\"",
          "isNew": true,
          "smallAvailable": true,
          "middleAvailable": false,
          "euroAvailable": false,
          "duoAvailable": false
        },
        {
          "id": 0,
          "name": "9424.0",
          "images": null,
          "category": "КПБ\" Василиса\"",
          "isNew": true,
          "smallAvailable": true,
          "middleAvailable": false,
          "euroAvailable": false,
          "duoAvailable": false
        },
        {
          "id": 0,
          "name": "9425.0",
          "images": null,
          "category": "КПБ\" Василиса\"",
          "isNew": true,
          "smallAvailable": true,
          "middleAvailable": true,
          "euroAvailable": false,
          "duoAvailable": false
        },
        {
          "id": 0,
          "name": "9483/1",
          "images": null,
          "category": "КПБ\" Василиса\"",
          "isNew": true,
          "smallAvailable": true,
          "middleAvailable": false,
          "euroAvailable": true,
          "duoAvailable": true
        },
        {
          "id": 0,
          "name": "9487 Кружева",
          "images": null,
          "category": "КПБ\" Василиса\"",
          "isNew": true,
          "smallAvailable": true,
          "middleAvailable": false,
          "euroAvailable": false,
          "duoAvailable": true
        },
        {
          "id": 0,
          "name": "9488 Кружева",
          "images": null,
          "category": "КПБ\" Василиса\"",
          "isNew": true,
          "smallAvailable": false,
          "middleAvailable": true,
          "euroAvailable": true,
          "duoAvailable": true
        },
        {
          "id": 0,
          "name": "9489 Кружева",
          "images": null,
          "category": "КПБ\" Василиса\"",
          "isNew": true,
          "smallAvailable": true,
          "middleAvailable": false,
          "euroAvailable": false,
          "duoAvailable": true
        },
        {
          "id": 0,
          "name": "9427.0",
          "images": null,
          "category": "КПБ\" Василиса\"",
          "isNew": true,
          "smallAvailable": true,
          "middleAvailable": false,
          "euroAvailable": false,
          "duoAvailable": false
        },
        {
          "id": 0,
          "name": "9392.0",
          "images": null,
          "category": "КПБ\" Василиса\"",
          "isNew": true,
          "smallAvailable": true,
          "middleAvailable": true,
          "euroAvailable": true,
          "duoAvailable": true
        },
        {
          "id": 0,
          "name": "9394.0",
          "images": null,
          "category": "КПБ\" Василиса\"",
          "isNew": true,
          "smallAvailable": true,
          "middleAvailable": true,
          "euroAvailable": true,
          "duoAvailable": true
        },
        {
          "id": 0,
          "name": "9418/1 новый год ХЮГГЕ",
          "images": null,
          "category": "КПБ\" Василиса\"",
          "isNew": true,
          "smallAvailable": true,
          "middleAvailable": true,
          "euroAvailable": false,
          "duoAvailable": true
        },
        {
          "id": 0,
          "name": "70007 новый год ХЮГГЕ",
          "images": null,
          "category": "КПБ\" Василиса\"",
          "isNew": true,
          "smallAvailable": true,
          "middleAvailable": true,
          "euroAvailable": false,
          "duoAvailable": true
        },
        {
          "id": 0,
          "name": "70009 новый год  ХЮГГЕ",
          "images": null,
          "category": "КПБ\" Василиса\"",
          "isNew": true,
          "smallAvailable": true,
          "middleAvailable": true,
          "euroAvailable": true,
          "duoAvailable": true
        },
        {
          "id": 0,
          "name": "9500.0",
          "images": null,
          "category": "КПБ\" Василиса\"",
          "isNew": true,
          "smallAvailable": false,
          "middleAvailable": true,
          "euroAvailable": true,
          "duoAvailable": false
        },
        {
          "id": 0,
          "name": "9510.0",
          "images": null,
          "category": "КПБ\" Василиса\"",
          "isNew": true,
          "smallAvailable": true,
          "middleAvailable": true,
          "euroAvailable": true,
          "duoAvailable": false
        },
        {
          "id": 0,
          "name": "9511.0",
          "images": null,
          "category": "КПБ\" Василиса\"",
          "isNew": true,
          "smallAvailable": true,
          "middleAvailable": true,
          "euroAvailable": false,
          "duoAvailable": false
        },
        {
          "id": 0,
          "name": "9512.0",
          "images": null,
          "category": "КПБ\" Василиса\"",
          "isNew": true,
          "smallAvailable": true,
          "middleAvailable": true,
          "euroAvailable": true,
          "duoAvailable": true
        },
        {
          "id": 0,
          "name": "9508.0",
          "images": null,
          "category": "КПБ\" Василиса\"",
          "isNew": true,
          "smallAvailable": true,
          "middleAvailable": true,
          "euroAvailable": true,
          "duoAvailable": true
        },
        {
          "id": 0,
          "name": "9541.0",
          "images": null,
          "category": "КПБ\" Василиса\"",
          "isNew": true,
          "smallAvailable": true,
          "middleAvailable": true,
          "euroAvailable": false,
          "duoAvailable": false
        },
        {
          "id": 0,
          "name": "9563.0",
          "images": null,
          "category": "КПБ\" Василиса\"",
          "isNew": true,
          "smallAvailable": true,
          "middleAvailable": true,
          "euroAvailable": true,
          "duoAvailable": false
        },
        {
          "id": 0,
          "name": "9535.0",
          "images": null,
          "category": "КПБ\" Василиса\"",
          "isNew": true,
          "smallAvailable": false,
          "middleAvailable": false,
          "euroAvailable": false,
          "duoAvailable": true
        },
        {
          "id": 0,
          "name": "9539.0",
          "images": null,
          "category": "КПБ\" Василиса\"",
          "isNew": true,
          "smallAvailable": true,
          "middleAvailable": true,
          "euroAvailable": true,
          "duoAvailable": true
        },
        {
          "id": 0,
          "name": "9606.0",
          "images": null,
          "category": "КПБ\" Василиса\"",
          "isNew": true,
          "smallAvailable": true,
          "middleAvailable": false,
          "euroAvailable": true,
          "duoAvailable": true
        },
        {
          "id": 0,
          "name": "9643.0",
          "images": null,
          "category": "КПБ\" Василиса\"",
          "isNew": true,
          "smallAvailable": true,
          "middleAvailable": false,
          "euroAvailable": false,
          "duoAvailable": true
        },
        {
          "id": 0,
          "name": "9107.0",
          "images": null,
          "category": "КПБ\" Василиса\"",
          "isNew": true,
          "smallAvailable": true,
          "middleAvailable": true,
          "euroAvailable": true,
          "duoAvailable": true
        },
        {
          "id": 0,
          "name": "9109.0",
          "images": null,
          "category": "КПБ\" Василиса\"",
          "isNew": true,
          "smallAvailable": true,
          "middleAvailable": true,
          "euroAvailable": true,
          "duoAvailable": true
        },
        {
          "id": 0,
          "name": "9137.0",
          "images": null,
          "category": "КПБ\" Василиса\"",
          "isNew": true,
          "smallAvailable": true,
          "middleAvailable": true,
          "euroAvailable": true,
          "duoAvailable": true
        },
        {
          "id": 0,
          "name": "9139.0",
          "images": null,
          "category": "КПБ\" Василиса\"",
          "isNew": true,
          "smallAvailable": true,
          "middleAvailable": true,
          "euroAvailable": true,
          "duoAvailable": true
        },
        {
          "id": 0,
          "name": "9289 нэкст",
          "images": null,
          "category": "КПБ\" Василиса\"",
          "isNew": true,
          "smallAvailable": true,
          "middleAvailable": true,
          "euroAvailable": true,
          "duoAvailable": true
        },
        {
          "id": 0,
          "name": "9290 нэкст",
          "images": null,
          "category": "КПБ\" Василиса\"",
          "isNew": true,
          "smallAvailable": true,
          "middleAvailable": true,
          "euroAvailable": true,
          "duoAvailable": true
        },
        {
          "id": 0,
          "name": "9292 НЭКСТ",
          "images": null,
          "category": "КПБ\" Василиса\"",
          "isNew": true,
          "smallAvailable": true,
          "middleAvailable": true,
          "euroAvailable": true,
          "duoAvailable": true
        },
        {
          "id": 0,
          "name": "9294.0",
          "images": null,
          "category": "КПБ\" Василиса\"",
          "isNew": true,
          "smallAvailable": true,
          "middleAvailable": true,
          "euroAvailable": true,
          "duoAvailable": true
        },
        {
          "id": 0,
          "name": "9296 НЭКСТ",
          "images": null,
          "category": "КПБ\" Василиса\"",
          "isNew": true,
          "smallAvailable": true,
          "middleAvailable": true,
          "euroAvailable": true,
          "duoAvailable": true
        }
      ]
    }
  ]
}